new_parse
process version:0, version_count:1, state:1, row:0, col:0
lex_internal state:66, row:0, column:0
  consume character:'l'
  consume character:'a'
  consume character:'b'
  consume character:'e'
  consume character:'l'
  consume character:'l'
  consume character:'a'
  consume character:'b'
  consume character:'e'
  consume character:'l'
lexed_lookahead sym:label, size:5
shift state:140
process version:0, version_count:1, state:140, row:0, col:5
lex_internal state:37, row:0, column:5
  skip character:' '
  consume character:'t'
  consume character:'a'
  consume character:'l'
  consume character:'k'
lexed_lookahead sym:NAME, size:5
shift state:167
process version:0, version_count:1, state:167, row:0, col:10
lex_internal state:43, row:0, column:10
  consume character:':'
lexed_lookahead sym::, size:1
reduce sym:LABEL_NAME, child_count:1
shift state:146
process version:0, version_count:1, state:146, row:0, col:11
lex_external state:4, row:0, column:11
  consume character:10
  consume character:' '
  consume character:' '
  consume character:' '
  consume character:' '
lexed_lookahead sym:indent, size:5
shift state:9
process version:0, version_count:1, state:9, row:1, col:4
lex_internal state:66, row:1, column:4
  consume character:'s'
  consume character:'h'
  consume character:'o'
  consume character:'w'
  consume character:'s'
  consume character:'h'
  consume character:'o'
  consume character:'w'
lexed_lookahead sym:show, size:4
shift state:121
process version:0, version_count:1, state:121, row:1, col:8
lex_internal state:20, row:1, column:8
  skip character:' '
  consume character:'e'
  consume character:'e'
lexed_lookahead sym:NAME, size:2
shift state:86
process version:0, version_count:1, state:86, row:1, col:10
lex_external state:3, row:1, column:10
  consume character:10
  consume character:' '
  consume character:' '
  consume character:' '
  consume character:' '
lexed_lookahead sym:newline, size:5
reduce sym:image_spec, child_count:1
shift state:58
process version:0, version_count:1, state:58, row:2, col:4
lex_external state:2, row:2, column:4
lex_internal state:66, row:2, column:4
  consume character:'e'
  consume character:'e'
lexed_lookahead sym:NAME, size:1
reduce sym:show_stmt, child_count:3
reduce sym:statement, child_count:1
shift state:111
process version:0, version_count:1, state:111, row:2, col:5
lex_internal state:1, row:2, column:5
  skip character:' '
  consume character:'"'
lexed_lookahead sym:", size:2
reduce sym:say_who, child_count:1
shift state:179
process version:0, version_count:1, state:179, row:2, col:7
lex_internal state:180, row:2, column:7
  consume character:'L'
  consume character:'i'
  consume character:'n'
  consume character:'e'
  consume character:' '
  consume character:'o'
  consume character:'n'
  consume character:'e'
  consume character:'.'
lexed_lookahead sym:STRING_token1, size:9
shift state:175
process version:0, version_count:1, state:175, row:2, col:16
lex_internal state:6, row:2, column:16
  consume character:'"'
lexed_lookahead sym:", size:1
shift state:99
process version:0, version_count:1, state:99, row:2, col:17
lex_external state:3, row:2, column:17
  consume character:10
  consume character:' '
  consume character:' '
  consume character:' '
  consume character:' '
lexed_lookahead sym:newline, size:5
reduce sym:STRING, child_count:3
reduce sym:say_what, child_count:1
shift state:66
process version:0, version_count:1, state:66, row:3, col:4
lex_external state:2, row:3, column:4
lex_internal state:66, row:3, column:4
  consume character:'e'
  consume character:'e'
lexed_lookahead sym:NAME, size:1
reduce sym:say_dialogue, child_count:3
reduce sym:say_stmt, child_count:1
reduce sym:statement, child_count:1
reduce sym:source_file_repeat1, child_count:2
shift state:111
process version:0, version_count:1, state:111, row:3, col:5
lex_internal state:1, row:3, column:5
  skip character:' '
  consume character:'h'
  consume character:'a'
  consume character:'p'
  consume character:'p'
  consume character:'y'
  consume character:'h'
lexed_lookahead sym:NAME, size:6
reduce sym:say_who, child_count:1
shift state:110
process version:0, version_count:1, state:110, row:3, col:11
lex_internal state:1, row:3, column:11
  skip character:' '
  consume character:'"'
lexed_lookahead sym:", size:2
reduce sym:say_attr, child_count:1
reduce sym:say_attrs, child_count:1
shift state:179
process version:0, version_count:1, state:179, row:3, col:13
lex_internal state:180, row:3, column:13
  consume character:'L'
  consume character:'i'
  consume character:'n'
  consume character:'e'
  consume character:' '
  consume character:'t'
  consume character:'w'
  consume character:'o'
  consume character:'.'
lexed_lookahead sym:STRING_token1, size:9
shift state:175
process version:0, version_count:1, state:175, row:3, col:22
lex_internal state:6, row:3, column:22
  consume character:'"'
lexed_lookahead sym:", size:1
shift state:99
process version:0, version_count:1, state:99, row:3, col:23
lex_external state:3, row:3, column:23
  consume character:10
  consume character:' '
  consume character:' '
  consume character:' '
  consume character:' '
lexed_lookahead sym:newline, size:5
reduce sym:STRING, child_count:3
reduce sym:say_what, child_count:1
shift state:73
process version:0, version_count:1, state:73, row:4, col:4
lex_external state:2, row:4, column:4
lex_internal state:66, row:4, column:4
  consume character:'"'
lexed_lookahead sym:", size:1
reduce sym:say_dialogue, child_count:4
reduce sym:say_stmt, child_count:1
reduce sym:statement, child_count:1
reduce sym:source_file_repeat1, child_count:2
shift state:179
process version:0, version_count:1, state:179, row:4, col:5
lex_internal state:180, row:4, column:5
  consume character:'N'
  consume character:'a'
  consume character:'r'
  consume character:'r'
  consume character:'a'
  consume character:'t'
  consume character:'i'
  consume character:'o'
  consume character:'n'
  consume character:'.'
lexed_lookahead sym:STRING_token1, size:10
shift state:175
process version:0, version_count:1, state:175, row:4, col:15
lex_internal state:6, row:4, column:15
  consume character:'"'
lexed_lookahead sym:", size:1
shift state:99
process version:0, version_count:1, state:99, row:4, col:16
lex_external state:3, row:4, column:16
  consume character:10
  consume character:' '
  consume character:' '
  consume character:' '
  consume character:' '
lexed_lookahead sym:newline, size:5
reduce sym:STRING, child_count:3
reduce sym:say_what, child_count:1
shift state:57
process version:0, version_count:1, state:57, row:5, col:4
lex_external state:2, row:5, column:4
lex_internal state:66, row:5, column:4
  consume character:'h'
  consume character:'i'
  consume character:'d'
  consume character:'e'
  consume character:'h'
  consume character:'i'
  consume character:'d'
  consume character:'e'
lexed_lookahead sym:hide, size:4
reduce sym:say_narration, child_count:2
reduce sym:say_stmt, child_count:1
reduce sym:statement, child_count:1
reduce sym:source_file_repeat1, child_count:2
shift state:130
process version:0, version_count:1, state:130, row:5, col:8
lex_internal state:20, row:5, column:8
  skip character:' '
  consume character:'e'
  consume character:'e'
lexed_lookahead sym:NAME, size:2
shift state:86
process version:0, version_count:1, state:86, row:5, col:10
lex_external state:3, row:5, column:10
  consume character:10
lexed_lookahead sym:newline, size:1
reduce sym:image_spec, child_count:1
shift state:59
process version:0, version_count:1, state:59, row:6, col:0
lex_external state:2, row:6, column:0
lexed_lookahead sym:dedent, size:0
reduce sym:hide_stmt, child_count:3
reduce sym:statement, child_count:1
reduce sym:source_file_repeat1, child_count:2
shift state:45
process version:0, version_count:1, state:45, row:6, col:0
lex_internal state:66, row:6, column:0
lexed_lookahead sym:end, size:0
reduce sym:block, child_count:3
reduce sym:label_stmt, child_count:4
reduce sym:statement, child_count:1
reduce sym:source_file, child_count:1
accept
done
new_parse
process version:0, version_count:1, state:1, row:0, col:0
lex_internal state:66, row:0, column:0
  consume character:'l'
  consume character:'a'
  consume character:'b'
  consume character:'e'
  consume character:'l'
  consume character:'l'
  consume character:'a'
  consume character:'b'
  consume character:'e'
  consume character:'l'
lexed_lookahead sym:label, size:5
shift state:140
process version:0, version_count:1, state:140, row:0, col:5
lex_internal state:37, row:0, column:5
  skip character:' '
  consume character:'s'
  consume character:'t'
  consume character:'a'
  consume character:'r'
  consume character:'t'
  consume character:'s'
lexed_lookahead sym:NAME, size:6
shift state:167
process version:0, version_count:1, state:167, row:0, col:11
lex_internal state:43, row:0, column:11
  consume character:':'
lexed_lookahead sym::, size:1
reduce sym:LABEL_NAME, child_count:1
shift state:146
process version:0, version_count:1, state:146, row:0, col:12
lex_external state:4, row:0, column:12
  consume character:10
  consume character:' '
  consume character:' '
  consume character:' '
  consume character:' '
lexed_lookahead sym:indent, size:5
shift state:9
process version:0, version_count:1, state:9, row:1, col:4
lex_internal state:66, row:1, column:4
  consume character:'p'
  consume character:'a'
  consume character:'s'
  consume character:'s'
  consume character:'p'
  consume character:'a'
  consume character:'s'
  consume character:'s'
lexed_lookahead sym:pass, size:4
shift state:181
process version:0, version_count:1, state:181, row:1, col:8
lex_external state:3, row:1, column:8
  consume character:10
lexed_lookahead sym:newline, size:1
shift state:55
process version:0, version_count:1, state:55, row:2, col:0
lex_external state:2, row:2, column:0
lexed_lookahead sym:dedent, size:0
reduce sym:pass_stmt, child_count:2
reduce sym:statement, child_count:1
shift state:45
process version:0, version_count:1, state:45, row:2, col:0
lex_internal state:66, row:2, column:0
lexed_lookahead sym:end, size:0
reduce sym:block, child_count:3
reduce sym:label_stmt, child_count:4
reduce sym:statement, child_count:1
reduce sym:source_file, child_count:1
accept
done
new_parse
process version:0, version_count:1, state:1, row:0, col:0
lex_internal state:66, row:0, column:0
  consume character:'l'
  consume character:'a'
  consume character:'b'
  consume character:'e'
  consume character:'l'
  consume character:'l'
  consume character:'a'
  consume character:'b'
  consume character:'e'
  consume character:'l'
lexed_lookahead sym:label, size:5
shift state:140
process version:0, version_count:1, state:140, row:0, col:5
lex_internal state:37, row:0, column:5
  skip character:' '
  consume character:'g'
  consume character:'a'
  consume character:'m'
  consume character:'e'
lexed_lookahead sym:NAME, size:5
shift state:167
process version:0, version_count:1, state:167, row:0, col:10
lex_internal state:43, row:0, column:10
  consume character:'.'
lexed_lookahead sym:., size:1
shift state:182
process version:0, version_count:1, state:182, row:0, col:11
lex_internal state:20, row:0, column:11
  consume character:'s'
  consume character:'t'
  consume character:'a'
  consume character:'r'
  consume character:'t'
  consume character:'s'
lexed_lookahead sym:NAME, size:5
shift state:176
process version:0, version_count:1, state:176, row:0, col:16
lex_internal state:45, row:0, column:16
  consume character:':'
lexed_lookahead sym::, size:1
reduce sym:LABEL_NAME, child_count:3
shift state:146
process version:0, version_count:1, state:146, row:0, col:17
lex_external state:4, row:0, column:17
  consume character:10
  consume character:' '
  consume character:' '
  consume character:' '
  consume character:' '
lexed_lookahead sym:indent, size:5
shift state:9
process version:0, version_count:1, state:9, row:1, col:4
lex_internal state:66, row:1, column:4
  consume character:'p'
  consume character:'a'
  consume character:'s'
  consume character:'s'
  consume character:'p'
  consume character:'a'
  consume character:'s'
  consume character:'s'
lexed_lookahead sym:pass, size:4
shift state:181
process version:0, version_count:1, state:181, row:1, col:8
lex_external state:3, row:1, column:8
  consume character:10
lexed_lookahead sym:newline, size:1
shift state:55
process version:0, version_count:1, state:55, row:2, col:0
lex_external state:2, row:2, column:0
lexed_lookahead sym:dedent, size:0
reduce sym:pass_stmt, child_count:2
reduce sym:statement, child_count:1
shift state:45
process version:0, version_count:1, state:45, row:2, col:0
lex_internal state:66, row:2, column:0
lexed_lookahead sym:end, size:0
reduce sym:block, child_count:3
reduce sym:label_stmt, child_count:4
reduce sym:statement, child_count:1
reduce sym:source_file, child_count:1
accept
done
new_parse
process version:0, version_count:1, state:1, row:0, col:0
lex_internal state:66, row:0, column:0
  consume character:'l'
  consume character:'a'
  consume character:'b'
  consume character:'e'
  consume character:'l'
  consume character:'l'
  consume character:'a'
  consume character:'b'
  consume character:'e'
  consume character:'l'
lexed_lookahead sym:label, size:5
shift state:140
process version:0, version_count:1, state:140, row:0, col:5
lex_internal state:37, row:0, column:5
  skip character:' '
  consume character:'.'
lexed_lookahead sym:., size:2
shift state:180
process version:0, version_count:1, state:180, row:0, col:7
lex_internal state:20, row:0, column:7
  consume character:'h'
  consume character:'i'
  consume character:'d'
  consume character:'d'
  consume character:'e'
  consume character:'n'
  consume character:'h'
  consume character:'i'
  consume character:'d'
lexed_lookahead sym:NAME, size:6
shift state:186
process version:0, version_count:1, state:186, row:0, col:13
lex_internal state:45, row:0, column:13
  consume character:':'
lexed_lookahead sym::, size:1
reduce sym:LABEL_NAME, child_count:2
shift state:146
process version:0, version_count:1, state:146, row:0, col:14
lex_external state:4, row:0, column:14
  consume character:10
  consume character:' '
  consume character:' '
  consume character:' '
  consume character:' '
lexed_lookahead sym:indent, size:5
shift state:9
process version:0, version_count:1, state:9, row:1, col:4
lex_internal state:66, row:1, column:4
  consume character:'p'
  consume character:'a'
  consume character:'s'
  consume character:'s'
  consume character:'p'
  consume character:'a'
  consume character:'s'
  consume character:'s'
lexed_lookahead sym:pass, size:4
shift state:181
process version:0, version_count:1, state:181, row:1, col:8
lex_external state:3, row:1, column:8
  consume character:10
lexed_lookahead sym:newline, size:1
shift state:55
process version:0, version_count:1, state:55, row:2, col:0
lex_external state:2, row:2, column:0
lexed_lookahead sym:dedent, size:0
reduce sym:pass_stmt, child_count:2
reduce sym:statement, child_count:1
shift state:45
process version:0, version_count:1, state:45, row:2, col:0
lex_internal state:66, row:2, column:0
lexed_lookahead sym:end, size:0
reduce sym:block, child_count:3
reduce sym:label_stmt, child_count:4
reduce sym:statement, child_count:1
reduce sym:source_file, child_count:1
accept
done
new_parse
process version:0, version_count:1, state:1, row:0, col:0
lex_internal state:66, row:0, column:0
  consume character:'e'
  consume character:'e'
lexed_lookahead sym:NAME, size:1
shift state:111
process version:0, version_count:1, state:111, row:0, col:1
lex_internal state:1, row:0, column:1
  skip character:' '
  consume character:'"'
lexed_lookahead sym:", size:2
reduce sym:say_who, child_count:1
shift state:179
process version:0, version_count:1, state:179, row:0, col:3
lex_internal state:180, row:0, column:3
  consume character:'I'
  consume character:' '
  consume character:'a'
  consume character:'m'
  consume character:' '
  consume character:'h'
  consume character:'a'
  consume character:'p'
  consume character:'p'
  consume character:'y'
lexed_lookahead sym:STRING_token1, size:10
shift state:175
process version:0, version_count:1, state:175, row:0, col:13
lex_internal state:6, row:0, column:13
  consume character:'"'
lexed_lookahead sym:", size:1
shift state:99
process version:0, version_count:1, state:99, row:0, col:14
lex_external state:3, row:0, column:14
  consume character:10
lexed_lookahead sym:newline, size:1
reduce sym:STRING, child_count:3
reduce sym:say_what, child_count:1
shift state:36
process version:0, version_count:1, state:36, row:1, col:0
lex_internal state:66, row:1, column:0
  consume character:'e'
  consume character:'e'
lexed_lookahead sym:NAME, size:1
reduce sym:say_dialogue, child_count:3
reduce sym:say_stmt, child_count:1
reduce sym:statement, child_count:1
shift state:111
process version:0, version_count:1, state:111, row:1, col:1
lex_internal state:1, row:1, column:1
  skip character:' '
  consume character:'h'
  consume character:'a'
  consume character:'p'
  consume character:'p'
  consume character:'y'
  consume character:'h'
lexed_lookahead sym:NAME, size:6
reduce sym:say_who, child_count:1
shift state:110
process version:0, version_count:1, state:110, row:1, col:7
lex_internal state:1, row:1, column:7
  skip character:' '
  consume character:'"'
lexed_lookahead sym:", size:2
reduce sym:say_attr, child_count:1
reduce sym:say_attrs, child_count:1
shift state:179
process version:0, version_count:1, state:179, row:1, col:9
lex_internal state:180, row:1, column:9
  consume character:'B'
  consume character:'e'
  consume character:'c'
  consume character:'a'
  consume character:'u'
  consume character:'s'
  consume character:'e'
  consume character:' '
  consume character:'o'
  consume character:'f'
  consume character:' '
  consume character:'y'
  consume character:'o'
  consume character:'u'
lexed_lookahead sym:STRING_token1, size:14
shift state:175
process version:0, version_count:1, state:175, row:1, col:23
lex_internal state:6, row:1, column:23
  consume character:'"'
lexed_lookahead sym:", size:1
shift state:99
process version:0, version_count:1, state:99, row:1, col:24
lex_external state:3, row:1, column:24
  consume character:10
lexed_lookahead sym:newline, size:1
reduce sym:STRING, child_count:3
reduce sym:say_what, child_count:1
shift state:43
process version:0, version_count:1, state:43, row:2, col:0
lex_internal state:66, row:2, column:0
lexed_lookahead sym:end, size:0
reduce sym:say_dialogue, child_count:4
reduce sym:say_stmt, child_count:1
reduce sym:statement, child_count:1
reduce sym:source_file_repeat1, child_count:2
reduce sym:source_file, child_count:1
accept
done
new_parse
process version:0, version_count:1, state:1, row:0, col:0
lex_internal state:66, row:0, column:0
  consume character:'e'
  consume character:'e'
lexed_lookahead sym:NAME, size:1
shift state:111
process version:0, version_count:1, state:111, row:0, col:1
lex_internal state:1, row:0, column:1
  skip character:' '
  consume character:'c'
  consume character:'o'
  consume character:'n'
  consume character:'f'
  consume character:'u'
  consume character:'s'
  consume character:'e'
  consume character:'d'
  consume character:'c'
lexed_lookahead sym:NAME, size:9
reduce sym:say_who, child_count:1
shift state:110
process version:0, version_count:1, state:110, row:0, col:10
lex_internal state:1, row:0, column:10
  skip character:' '
  consume character:'"'
lexed_lookahead sym:", size:2
reduce sym:say_attr, child_count:1
reduce sym:say_attrs, child_count:1
shift state:179
process version:0, version_count:1, state:179, row:0, col:12
lex_internal state:180, row:0, column:12
  consume character:'W'
  consume character:'h'
  consume character:'a'
  consume character:'t'
  consume character:'?'
lexed_lookahead sym:STRING_token1, size:5
shift state:175
process version:0, version_count:1, state:175, row:0, col:17
lex_internal state:6, row:0, column:17
  consume character:'"'
lexed_lookahead sym:", size:1
shift state:99
process version:0, version_count:1, state:99, row:0, col:18
lex_external state:3, row:0, column:18
  consume character:10
lexed_lookahead sym:newline, size:1
reduce sym:STRING, child_count:3
reduce sym:say_what, child_count:1
shift state:43
process version:0, version_count:1, state:43, row:1, col:0
lex_internal state:66, row:1, column:0
  consume character:'e'
  consume character:'e'
lexed_lookahead sym:NAME, size:1
reduce sym:say_dialogue, child_count:4
reduce sym:say_stmt, child_count:1
reduce sym:statement, child_count:1
shift state:111
process version:0, version_count:1, state:111, row:1, col:1
lex_internal state:1, row:1, column:1
  skip character:' '
  consume character:'h'
  consume character:'a'
  consume character:'p'
  consume character:'p'
  consume character:'y'
  consume character:'h'
lexed_lookahead sym:NAME, size:6
reduce sym:say_who, child_count:1
shift state:110
process version:0, version_count:1, state:110, row:1, col:7
lex_internal state:1, row:1, column:7
  skip character:' '
  consume character:'@'
lexed_lookahead sym:@, size:2
reduce sym:say_attr, child_count:1
reduce sym:say_attrs, child_count:1
shift state:108
process version:0, version_count:1, state:108, row:1, col:9
lex_internal state:22, row:1, column:9
  consume character:'s'
  consume character:'u'
  consume character:'r'
  consume character:'p'
  consume character:'r'
  consume character:'i'
  consume character:'s'
  consume character:'e'
  consume character:'d'
  consume character:'s'
lexed_lookahead sym:NAME, size:9
shift state:118
process version:0, version_count:1, state:118, row:1, col:18
lex_internal state:3, row:1, column:18
  skip character:' '
  consume character:'"'
lexed_lookahead sym:", size:2
reduce sym:say_attr, child_count:1
reduce sym:say_attrs, child_count:1
reduce sym:say_temp_attrs, child_count:2
shift state:179
process version:0, version_count:1, state:179, row:1, col:20
lex_internal state:180, row:1, column:20
  consume character:'O'
  consume character:'h'
  consume character:'.'
  consume character:'.'
  consume character:'.'
lexed_lookahead sym:STRING_token1, size:5
shift state:175
process version:0, version_count:1, state:175, row:1, col:25
lex_internal state:6, row:1, column:25
  consume character:'"'
lexed_lookahead sym:", size:1
shift state:99
process version:0, version_count:1, state:99, row:1, col:26
lex_external state:3, row:1, column:26
  consume character:10
lexed_lookahead sym:newline, size:1
reduce sym:STRING, child_count:3
reduce sym:say_what, child_count:1
shift state:49
process version:0, version_count:1, state:49, row:2, col:0
lex_internal state:66, row:2, column:0
  consume character:'e'
  consume character:'e'
lexed_lookahead sym:NAME, size:1
reduce sym:say_dialogue, child_count:5
reduce sym:say_stmt, child_count:1
reduce sym:statement, child_count:1
reduce sym:source_file_repeat1, child_count:2
shift state:111
process version:0, version_count:1, state:111, row:2, col:1
lex_internal state:1, row:2, column:1
  skip character:' '
  consume character:'"'
lexed_lookahead sym:", size:2
reduce sym:say_who, child_count:1
shift state:179
process version:0, version_count:1, state:179, row:2, col:3
lex_internal state:180, row:2, column:3
  consume character:'S'
  consume character:'o'
  consume character:'.'
  consume character:'.'
  consume character:'.'
lexed_lookahead sym:STRING_token1, size:5
shift state:175
process version:0, version_count:1, state:175, row:2, col:8
lex_internal state:6, row:2, column:8
  consume character:'"'
lexed_lookahead sym:", size:1
shift state:99
process version:0, version_count:1, state:99, row:2, col:9
lex_external state:3, row:2, column:9
  consume character:10
lexed_lookahead sym:newline, size:1
reduce sym:STRING, child_count:3
reduce sym:say_what, child_count:1
shift state:36
process version:0, version_count:1, state:36, row:3, col:0
lex_internal state:66, row:3, column:0
  consume character:'e'
  consume character:'e'
lexed_lookahead sym:NAME, size:1
reduce sym:say_dialogue, child_count:3
reduce sym:say_stmt, child_count:1
reduce sym:statement, child_count:1
reduce sym:source_file_repeat1, child_count:2
shift state:111
process version:0, version_count:1, state:111, row:3, col:1
lex_internal state:1, row:3, column:1
  skip character:' '
  consume character:'-'
lexed_lookahead sym:-, size:2
reduce sym:say_who, child_count:1
shift state:226
process version:0, version_count:1, state:226, row:3, col:3
lex_internal state:20, row:3, column:3
  consume character:'h'
  consume character:'a'
  consume character:'p'
  consume character:'p'
  consume character:'y'
  consume character:'h'
lexed_lookahead sym:NAME, size:5
shift state:109
process version:0, version_count:1, state:109, row:3, col:8
lex_internal state:1, row:3, column:8
  skip character:' '
  consume character:'"'
lexed_lookahead sym:", size:2
reduce sym:say_attr, child_count:2
reduce sym:say_attrs, child_count:1
shift state:179
process version:0, version_count:1, state:179, row:3, col:10
lex_internal state:180, row:3, column:10
  consume character:'W'
  consume character:'a'
  consume character:'i'
  consume character:'t'
  consume character:'.'
  consume character:' '
  consume character:'W'
  consume character:'h'
  consume character:'a'
  consume character:'t'
  consume character:'?'
lexed_lookahead sym:STRING_token1, size:11
shift state:175
process version:0, version_count:1, state:175, row:3, col:21
lex_internal state:6, row:3, column:21
  consume character:'"'
lexed_lookahead sym:", size:1
shift state:99
process version:0, version_count:1, state:99, row:3, col:22
lex_external state:3, row:3, column:22
  consume character:10
lexed_lookahead sym:newline, size:1
reduce sym:STRING, child_count:3
reduce sym:say_what, child_count:1
shift state:43
process version:0, version_count:1, state:43, row:4, col:0
lex_internal state:66, row:4, column:0
lexed_lookahead sym:end, size:0
reduce sym:say_dialogue, child_count:4
reduce sym:say_stmt, child_count:1
reduce sym:statement, child_count:1
reduce sym:source_file_repeat1, child_count:2
reduce sym:source_file, child_count:1
accept
done
new_parse
process version:0, version_count:1, state:1, row:0, col:0
lex_internal state:66, row:0, column:0
  consume character:'s'
  consume character:'h'
  consume character:'o'
  consume character:'w'
  consume character:'s'
  consume character:'h'
  consume character:'o'
  consume character:'w'
lexed_lookahead sym:show, size:4
shift state:125
process version:0, version_count:1, state:125, row:0, col:4
lex_internal state:20, row:0, column:4
  skip character:' '
  consume character:'e'
  consume character:'i'
  consume character:'l'
  consume character:'e'
  consume character:'e'
  consume character:'n'
  consume character:'e'
lexed_lookahead sym:NAME, size:7
shift state:86
process version:0, version_count:1, state:86, row:0, col:11
lex_external state:3, row:0, column:11
  consume character:10
lexed_lookahead sym:newline, size:1
reduce sym:image_spec, child_count:1
shift state:28
process version:0, version_count:1, state:28, row:1, col:0
lex_internal state:66, row:1, column:0
lexed_lookahead sym:end, size:0
reduce sym:show_stmt, child_count:3
reduce sym:statement, child_count:1
reduce sym:source_file, child_count:1
accept
done
  compound_stmts:
      1. ✗ [31mShow, Talk and Hide[0m
  simple_label:
      2. ✗ [31mSimple Label[0m
      3. ✗ [31mDotted Name[0m
      4. ✗ [31mHidden Name[0m
  simple_say:
      5. ✗ [31mSimple Say[0m
      6. ✗ [31mSay with Attributes[0m
  simple_show:
      7. ✗ [31mSimple Show[0m

7 failures:

correct / [32mexpected[0m / [31munexpected[0m

  1. Show, Talk and Hide:

    (source_file
[31m      (label_stmt
[0m[32m      (label
[0m[32m        (LABEL)
[0m        (LABEL_NAME
          (NAME))
[32m        (begin_block)
[0m        (block
          (indent)
[31m          (show_stmt
[0m[31m            (image_spec
[0m[31m              (NAME))
[0m[31m            (newline))
[0m[31m          (say_dialogue
[0m[31m            (say_who
[0m[31m              (NAME))
[0m[31m            (say_what
[0m[31m              (STRING))
[0m[31m            (newline))
[0m[31m          (say_dialogue
[0m[31m            (say_who
[0m[31m              (NAME))
[0m[31m            (say_attrs
[0m[31m              (say_attr
[0m[32m          (show
[0m[32m            (SHOW)
[0m[32m            (img_spec
[0m[32m              (image_name
[0m                (NAME)))
[31m            (say_what
[0m[31m              (STRING))
[0m            (newline))
[31m          (say_narration
[0m[31m            (say_what
[0m[31m              (STRING))
[0m[31m            (newline))
[0m[31m          (hide_stmt
[0m[31m            (image_spec
[0m[31m              (NAME))
[0m[32m          (say
[0m[32m            (say_dialogue
[0m[32m              (say_who
[0m[32m                (NAME))
[0m[32m              (say_what
[0m[32m                (STRING))
[0m[32m              (newline)))
[0m[32m          (say
[0m[32m            (say_dialogue
[0m[32m              (say_who
[0m[32m                (NAME))
[0m[32m              (say_attrs
[0m[32m                (say_attr
[0m[32m                  (NAME)))
[0m[32m              (say_what
[0m[32m                (STRING))
[0m[32m              (newline)))
[0m[32m          (say
[0m[32m            (say_narration
[0m[32m              (say_what
[0m[32m                (STRING))
[0m[32m              (newline)))
[0m[32m          (hide
[0m[32m            (HIDE)
[0m[32m            (img_spec
[0m[32m              (image_name
[0m[32m                (NAME)))
[0m            (newline))
          (dedent))))


  2. Simple Label:

    (source_file
[31m      (label_stmt
[0m[32m      (label
[0m[32m        (LABEL)
[0m        (LABEL_NAME
          (NAME))
[32m        (begin_block)
[0m        (block
          (indent)
[31m          (pass_stmt
[0m[32m          (pass
[0m[32m            (PASS)
[0m            (newline))
          (dedent))))


  3. Dotted Name:

    (source_file
[31m      (label_stmt
[0m[32m      (label
[0m[32m        (LABEL)
[0m        (LABEL_NAME
          (NAME)
          (NAME))
[32m        (begin_block)
[0m        (block
          (indent)
[31m          (pass_stmt
[0m[32m          (pass
[0m[32m            (PASS)
[0m            (newline))
          (dedent))))


  4. Hidden Name:

    (source_file
[31m      (label_stmt
[0m[32m      (label
[0m[32m        (LABEL)
[0m        (LABEL_NAME
          (NAME))
[32m        (begin_block)
[0m        (block
          (indent)
[31m          (pass_stmt
[0m[32m          (pass
[0m[32m            (PASS)
[0m            (newline))
          (dedent))))


  5. Simple Say:

    (source_file
[31m      (say_dialogue
[0m[31m        (say_who
[0m[31m          (NAME))
[0m[31m        (say_what
[0m[31m          (STRING))
[0m[31m        (newline))
[0m[31m      (say_dialogue
[0m[31m        (say_who
[0m[31m          (NAME))
[0m[31m        (say_attrs
[0m[31m          (say_attr
[0m[31m            (NAME)))
[0m[31m        (say_what
[0m[31m          (STRING))
[0m[31m        (newline)))[0m
[32m      (say
[0m[32m        (say_dialogue
[0m[32m          (say_who
[0m[32m            (NAME))
[0m[32m          (say_what
[0m[32m            (STRING))
[0m[32m          (newline)))
[0m[32m      (say
[0m[32m        (say_dialogue
[0m[32m          (say_who
[0m[32m            (NAME))
[0m[32m          (say_attrs
[0m[32m            (say_attr
[0m[32m              (NAME)))
[0m[32m          (say_what
[0m[32m            (STRING))
[0m[32m          (newline))))[0m


  6. Say with Attributes:

    (source_file
[31m      (say_dialogue
[0m[31m        (say_who
[0m[31m          (NAME))
[0m[31m        (say_attrs
[0m[31m          (say_attr
[0m[31m            (NAME)))
[0m[31m        (say_what
[0m[31m          (STRING))
[0m[31m        (newline))
[0m[31m      (say_dialogue
[0m[31m        (say_who
[0m[31m          (NAME))
[0m[31m        (say_attrs
[0m[31m          (say_attr
[0m[31m            (NAME)))
[0m[31m        (say_temp_attrs
[0m[32m      (say
[0m[32m        (say_dialogue
[0m[32m          (say_who
[0m[32m            (NAME))
[0m[32m          (say_attrs
[0m[32m            (say_attr
[0m[32m              (NAME)))
[0m[32m          (say_what
[0m[32m            (STRING))
[0m[32m          (newline)))
[0m[32m      (say
[0m[32m        (say_dialogue
[0m[32m          (say_who
[0m[32m            (NAME))
[0m[32m          (say_attrs
[0m[32m            (say_attr
[0m[32m              (NAME)))
[0m[32m          (say_temp_attrs
[0m[32m            (say_attrs
[0m[32m              (say_attr
[0m[32m                (NAME))))
[0m[32m          (say_what
[0m[32m            (STRING))
[0m[32m          (newline)))
[0m[32m      (say
[0m[32m        (say_dialogue
[0m[32m          (say_who
[0m[32m            (NAME))
[0m[32m          (say_what
[0m[32m            (STRING))
[0m[32m          (newline)))
[0m[32m      (say
[0m[32m        (say_dialogue
[0m[32m          (say_who
[0m[32m            (NAME))
[0m          (say_attrs
            (say_attr
[31m              (NAME))))
[0m[31m        (say_what
[0m[31m          (STRING))
[0m[31m        (newline))
[0m[31m      (say_dialogue
[0m[31m        (say_who
[0m[31m          (NAME))
[0m[31m        (say_what
[0m[31m          (STRING))
[0m[31m        (newline))
[0m[31m      (say_dialogue
[0m[31m        (say_who
[0m[31m          (NAME))
[0m[31m        (say_attrs
[0m[31m          (say_attr
[0m[31m            (NAME)))
[0m[31m        (say_what
[0m[31m          (STRING))
[0m[31m        (newline)))[0m
[32m              (NAME)))
[0m[32m          (say_what
[0m[32m            (STRING))
[0m[32m          (newline))))[0m


  7. Simple Show:

    (source_file
[31m      (show_stmt
[0m[31m        (image_spec
[0m[31m          (NAME))
[0m[32m      (show
[0m[32m        (SHOW)
[0m[32m        (img_spec
[0m[32m          (image_name
[0m[32m            (NAME)))
[0m        (newline)))

